I'm sorry, but errors were detected in your script. Please correct the
errors listed below, and try again.


File "game/script.rpy", line 191: expected 'image_name_component' not found.
    show 
         ^

Ren'Py Version: Ren'Py 8.3.4.24120703
Thu Apr 24 16:34:30 2025
